// Jest Snapshot v1, https://goo.gl/fbAQLP

exports[`<LogoLink /> Should match snapshot 1`] = `
.c1 {
  display: -webkit-box;
  display: -webkit-flex;
  display: -ms-flexbox;
  display: flex;
  -webkit-align-items: center;
  -webkit-box-align: center;
  -ms-flex-align: center;
  align-items: center;
  -webkit-text-decoration: none;
  text-decoration: none;
  color: inherit;
}

.c1 > img {
  max-height: 3.5rem;
}

.c0 {
  color: #0A1128;
  font-size: 5.6rem;
  text-transform: none;
}

@media (max-width:768px) {
  .c0 {
    font-size: 4.0rem;
  }
}

<h1
  class="c0"
>
  <a
    class="c1"
    href="#target"
  >
    <img
      alt="OlÃ¡ mundo"
      src="image.jpg"
    />
  </a>
</h1>
`;
